[www.averageamerican.xyz/index.html]
[static.parastorage.com/services/wix-thunderbolt/dist/originTrials.41d7301a.bundle.min.js]
[static.parastorage.com/unpkg/core-js-bundle@3.2.1/minified.js]
[static.parastorage.com/unpkg/focus-within-polyfill@5.0.9/dist/focus-within-polyfill.js]
[backblue.gif]
[fade.gif]
[index.html]
[polyfill-fastly.io/v3/polyfill.mind82c.js]
[static.wixstatic.com/media/07e632_e3a8e7163548476e9e424cd348719933_mv2.png/v1/fill/w_100,h_56,al_c,q_85,usm_0.66_1.00_0.01,blur_3,enc_auto/07e632_e3a8e7163548476e9e424cd348719933_mv2.png]
[static.wixstatic.com/media/07e632_0c46f27860694800aa08208c85ab0e20_mv2.png/v1/fill/w_49,h_13,al_c,q_85,usm_0.66_1.00_0.01,blur_2,enc_auto/american title.png]
[static.wixstatic.com/media/07e632_fd534cce1ea1466aae6ff1e12f3794fb_mv2.png/v1/fill/w_49,h_29,al_c,q_85,usm_0.66_1.00_0.01,blur_2,enc_auto/BUY.png]
[static.wixstatic.com/media/07e632_8ffca506ed77493aa6043a3bcce4f1c6_mv2.png/v1/fill/w_49,h_15,al_c,q_85,usm_0.66_1.00_0.01,blur_2,enc_auto/TWITTER.png]
[static.wixstatic.com/media/07e632_eeac097a57734fcfb1ae43cc6585e908_mv2.png/v1/fill/w_49,h_14,al_c,q_85,usm_0.66_1.00_0.01,blur_2,enc_auto/TELEGRAM-14-04-2024.png]
[static.wixstatic.com/media/07e632_64b478c2c71841299c145c89cf53de24_mv2.png/v1/crop/x_4,y_0,w_1273,h_1082/fill/w_49,h_42,al_c,q_85,usm_0.66_1.00_0.01,blur_2,enc_auto/breaking-news (2).png]
[static.wixstatic.com/media/07e632_8789cb2418f6487b999b32680ac1c7af_mv2.png/v1/fill/w_49,h_22,al_c,q_85,usm_0.66_1.00_0.01,blur_2,enc_auto/CAR FULLY PNG.png]
[static.wixstatic.com/media/07e632_8d37a74d927f4810ae1a6145377c40b8_mv2.png/v1/fill/w_62,h_159,al_c,q_85,usm_0.66_1.00_0.01,blur_2,enc_auto/MC DONALDS CHIPS.png]
[static.wixstatic.com/media/07e632_9d78f30964084397b8983194c3bf762c_mv2.png/v1/crop/x_1,y_0,w_1047,h_511/fill/w_49,h_24,al_c,q_85,usm_0.66_1.00_0.01,blur_2,enc_auto/WALMART.png]
[static.wixstatic.com/media/07e632_0ec6798b05aa49da902173f85c244c02_mv2.png/v1/fill/w_49,h_50,al_c,q_85,usm_0.66_1.00_0.01,blur_2,enc_auto/MC DONALDS DRIVE THRU.png]
[browser.sentry-cdn.com/6.18.2/bundle.min.js]
[www.averageamerican.xyz/sitemap.xml]
[www.averageamerican.xyz/feed.10.delayed]
[www.averageamerican.xyz/${n.11.delayed]
[static.parastorage.com/services/wix-thunderbolt/dist/thunderbolt-commons.593fee66.bundle.min.js]
[static.parastorage.com/services/wix-thunderbolt/dist/main.406af6e4.bundle.min.js]
[static.parastorage.com/services/wix-thunderbolt/dist/main.renderer.1d21f023.bundle.min.js]
[static.parastorage.com/unpkg/lodash@4.17.21/lodash.min.js]
[static.parastorage.com/unpkg/react@18.2.0/umd/react.production.min.js]
[static.parastorage.com/unpkg/react-dom@18.2.0/umd/react-dom.production.min.js]
[www.averageamerican.xyz/decodeURIComponent(e.18.delayed]
[static.parastorage.com/services/tag-manager-client/1.827.0/siteTags.bundle.min.js]
[www.averageamerican.xyz/index.html]
[www.averageamerican.xyz/feed.html]
[www.averageamerican.xyz/${n.html]
[www.averageamerican.xyz/decodeURIComponent(e.html]
[static.parastorage.com/services/wix-perf-measure/1.1095.0/wix-perf-measure.umd.min.js]
